"blank"				"=========================="
"blank"				"ZM"
"blank"				"=========================="
"zm_observermode"		"Toggle RTS Mode (free-look)"
"+moveup"				"Go Up"
"+movedown"				"Go Down"
"zm_vision"				"Toggle Vision"
"zm_cmd_selectall"		"Select All Zombies"
"zm_cmd_delete"			"Delete Selected Zombies"
"zm_hiddenspawn"		"Hidden Spawn"
"+zm_cmd_ctrl"			"Control"
"blank"				"=========================="
"blank"				"Survivor/Spectator"
"blank"				"=========================="
"+duck"					"#Valve_Duck"
"+jump"					"#Valve_Jump"
"+use"					"#Valve_Use_Items"
"+reload"				"#Valve_Reload_Weapon"
"impulse 100"			"#Valve_Flashlight"
"invnext"				"#Valve_Next_Weapon"
"invprev"				"#Valve_Previous_Weapon"
"lastinv"				"#Valve_Last_Weapon_Used"
"impulse 201"			"#Valve_Spray_Logo"
"dropweapon"			"Drop Weapon"
"dropammo"				"Drop Ammo"
"+zm_voicemenu"			"Voice Menu"
"zm_observezombie"		"Observe Zombie/Random Spectator Target"
"kill"					"Suicide"
"blank"				"=========================="
"blank"				"Misc. Commands"
"blank"				"=========================="
"zm_showmaptext"		"Show Map Info/Objectives"
"Vote Option1"			"Vote Yes"
"Vote Option2"			"Vote No"

